Archive member included because of file (symbol)

d:/downloads/dave_4-4-2_64bit_2018-02-23/dave-ide-4.4.2-64bit/dave-ide-4.4.2-64bit/eclipse/arm-gcc-49/bin/../lib/gcc/arm-none-eabi/4.9.3/armv6-m\libgcc.a(_fixunssfsi.o)
                              ./Libraries/XMCLib/src/xmc_usic.o (__aeabi_f2uiz)
d:/downloads/dave_4-4-2_64bit_2018-02-23/dave-ide-4.4.2-64bit/dave-ide-4.4.2-64bit/eclipse/arm-gcc-49/bin/../lib/gcc/arm-none-eabi/4.9.3/armv6-m\libgcc.a(divsf3.o)
                              ./Libraries/XMCLib/src/xmc_usic.o (__aeabi_fdiv)
d:/downloads/dave_4-4-2_64bit_2018-02-23/dave-ide-4.4.2-64bit/dave-ide-4.4.2-64bit/eclipse/arm-gcc-49/bin/../lib/gcc/arm-none-eabi/4.9.3/armv6-m\libgcc.a(mulsf3.o)
                              ./Libraries/XMCLib/src/xmc_usic.o (__aeabi_fmul)
d:/downloads/dave_4-4-2_64bit_2018-02-23/dave-ide-4.4.2-64bit/dave-ide-4.4.2-64bit/eclipse/arm-gcc-49/bin/../lib/gcc/arm-none-eabi/4.9.3/armv6-m\libgcc.a(subsf3.o)
                              d:/downloads/dave_4-4-2_64bit_2018-02-23/dave-ide-4.4.2-64bit/dave-ide-4.4.2-64bit/eclipse/arm-gcc-49/bin/../lib/gcc/arm-none-eabi/4.9.3/armv6-m\libgcc.a(_fixunssfsi.o) (__aeabi_fsub)
d:/downloads/dave_4-4-2_64bit_2018-02-23/dave-ide-4.4.2-64bit/dave-ide-4.4.2-64bit/eclipse/arm-gcc-49/bin/../lib/gcc/arm-none-eabi/4.9.3/armv6-m\libgcc.a(fixsfsi.o)
                              d:/downloads/dave_4-4-2_64bit_2018-02-23/dave-ide-4.4.2-64bit/dave-ide-4.4.2-64bit/eclipse/arm-gcc-49/bin/../lib/gcc/arm-none-eabi/4.9.3/armv6-m\libgcc.a(_fixunssfsi.o) (__aeabi_f2iz)
d:/downloads/dave_4-4-2_64bit_2018-02-23/dave-ide-4.4.2-64bit/dave-ide-4.4.2-64bit/eclipse/arm-gcc-49/bin/../lib/gcc/arm-none-eabi/4.9.3/armv6-m\libgcc.a(floatunsisf.o)
                              ./Libraries/XMCLib/src/xmc_usic.o (__aeabi_ui2f)
d:/downloads/dave_4-4-2_64bit_2018-02-23/dave-ide-4.4.2-64bit/dave-ide-4.4.2-64bit/eclipse/arm-gcc-49/bin/../lib/gcc/arm-none-eabi/4.9.3/armv6-m\libgcc.a(_arm_cmpsf2.o)
                              d:/downloads/dave_4-4-2_64bit_2018-02-23/dave-ide-4.4.2-64bit/dave-ide-4.4.2-64bit/eclipse/arm-gcc-49/bin/../lib/gcc/arm-none-eabi/4.9.3/armv6-m\libgcc.a(_fixunssfsi.o) (__aeabi_fcmpge)
d:/downloads/dave_4-4-2_64bit_2018-02-23/dave-ide-4.4.2-64bit/dave-ide-4.4.2-64bit/eclipse/arm-gcc-49/bin/../lib/gcc/arm-none-eabi/4.9.3/armv6-m\libgcc.a(_clzsi2.o)
                              d:/downloads/dave_4-4-2_64bit_2018-02-23/dave-ide-4.4.2-64bit/dave-ide-4.4.2-64bit/eclipse/arm-gcc-49/bin/../lib/gcc/arm-none-eabi/4.9.3/armv6-m\libgcc.a(divsf3.o) (__clzsi2)
d:/downloads/dave_4-4-2_64bit_2018-02-23/dave-ide-4.4.2-64bit/dave-ide-4.4.2-64bit/eclipse/arm-gcc-49/bin/../lib/gcc/arm-none-eabi/4.9.3/armv6-m\libgcc.a(eqsf2.o)
                              d:/downloads/dave_4-4-2_64bit_2018-02-23/dave-ide-4.4.2-64bit/dave-ide-4.4.2-64bit/eclipse/arm-gcc-49/bin/../lib/gcc/arm-none-eabi/4.9.3/armv6-m\libgcc.a(_arm_cmpsf2.o) (__eqsf2)
d:/downloads/dave_4-4-2_64bit_2018-02-23/dave-ide-4.4.2-64bit/dave-ide-4.4.2-64bit/eclipse/arm-gcc-49/bin/../lib/gcc/arm-none-eabi/4.9.3/armv6-m\libgcc.a(gesf2.o)
                              d:/downloads/dave_4-4-2_64bit_2018-02-23/dave-ide-4.4.2-64bit/dave-ide-4.4.2-64bit/eclipse/arm-gcc-49/bin/../lib/gcc/arm-none-eabi/4.9.3/armv6-m\libgcc.a(_arm_cmpsf2.o) (__gesf2)
d:/downloads/dave_4-4-2_64bit_2018-02-23/dave-ide-4.4.2-64bit/dave-ide-4.4.2-64bit/eclipse/arm-gcc-49/bin/../lib/gcc/arm-none-eabi/4.9.3/armv6-m\libgcc.a(lesf2.o)
                              d:/downloads/dave_4-4-2_64bit_2018-02-23/dave-ide-4.4.2-64bit/dave-ide-4.4.2-64bit/eclipse/arm-gcc-49/bin/../lib/gcc/arm-none-eabi/4.9.3/armv6-m\libgcc.a(_arm_cmpsf2.o) (__lesf2)
d:/downloads/dave_4-4-2_64bit_2018-02-23/dave-ide-4.4.2-64bit/dave-ide-4.4.2-64bit/eclipse/arm-gcc-49/bin/../lib/gcc/arm-none-eabi/4.9.3/../../../../arm-none-eabi/lib/armv6-m\libg_nano.a(lib_a-errno.o)
                              ./Libraries/Newlib/syscalls.o (__errno)
d:/downloads/dave_4-4-2_64bit_2018-02-23/dave-ide-4.4.2-64bit/dave-ide-4.4.2-64bit/eclipse/arm-gcc-49/bin/../lib/gcc/arm-none-eabi/4.9.3/../../../../arm-none-eabi/lib/armv6-m\libg_nano.a(lib_a-impure.o)
                              d:/downloads/dave_4-4-2_64bit_2018-02-23/dave-ide-4.4.2-64bit/dave-ide-4.4.2-64bit/eclipse/arm-gcc-49/bin/../lib/gcc/arm-none-eabi/4.9.3/../../../../arm-none-eabi/lib/armv6-m\libg_nano.a(lib_a-errno.o) (_impure_ptr)
d:/downloads/dave_4-4-2_64bit_2018-02-23/dave-ide-4.4.2-64bit/dave-ide-4.4.2-64bit/eclipse/arm-gcc-49/bin/../lib/gcc/arm-none-eabi/4.9.3/../../../../arm-none-eabi/lib/armv6-m\libg_nano.a(lib_a-init.o)
                              ./Startup/startup_XMC1400.o (__libc_init_array)

Discarded input sections

 .text          0x00000000        0x0 ./Startup/startup_XMC1400.o
 .data          0x00000000        0x0 ./Startup/startup_XMC1400.o
 .bss           0x00000000        0x0 ./Startup/startup_XMC1400.o
 .text          0x00000000        0x0 ./Startup/system_XMC1400.o
[...]
Memory Configuration

Name             Origin             Length             Attributes
FLASH            0x10001000         0x00032000         xr
SRAM             0x20000000         0x00004000         !xr
*default*        0x00000000         0xffffffff

Linker script and memory map

LOAD ./Startup/startup_XMC1400.o
LOAD ./Startup/system_XMC1400.o
LOAD ./Libraries/XMCLib/src/xmc1_eru.o
LOAD ./Libraries/XMCLib/src/xmc1_flash.o
LOAD ./Libraries/XMCLib/src/xmc1_gpio.o
LOAD ./Libraries/XMCLib/src/xmc1_rtc.o
LOAD ./Libraries/XMCLib/src/xmc1_scu.o
LOAD ./Libraries/XMCLib/src/xmc_acmp.o
LOAD ./Libraries/XMCLib/src/xmc_bccu.o
LOAD ./Libraries/XMCLib/src/xmc_can.o
LOAD ./Libraries/XMCLib/src/xmc_ccu4.o
LOAD ./Libraries/XMCLib/src/xmc_ccu8.o
LOAD ./Libraries/XMCLib/src/xmc_common.o
LOAD ./Libraries/XMCLib/src/xmc_eru.o
LOAD ./Libraries/XMCLib/src/xmc_gpio.o
LOAD ./Libraries/XMCLib/src/xmc_i2c.o
LOAD ./Libraries/XMCLib/src/xmc_i2s.o
LOAD ./Libraries/XMCLib/src/xmc_ledts.o
LOAD ./Libraries/XMCLib/src/xmc_math.o
LOAD ./Libraries/XMCLib/src/xmc_pau.o
LOAD ./Libraries/XMCLib/src/xmc_posif.o
LOAD ./Libraries/XMCLib/src/xmc_prng.o
LOAD ./Libraries/XMCLib/src/xmc_rtc.o
LOAD ./Libraries/XMCLib/src/xmc_spi.o
LOAD ./Libraries/XMCLib/src/xmc_uart.o
LOAD ./Libraries/XMCLib/src/xmc_usic.o
LOAD ./Libraries/XMCLib/src/xmc_vadc.o
LOAD ./Libraries/XMCLib/src/xmc_wdt.o
LOAD ./Libraries/Newlib/syscalls.o
LOAD ./Dave/Generated/DIGITAL_IO/digital_io.o
LOAD ./Dave/Generated/DIGITAL_IO/digital_io_conf.o
LOAD ./Dave/Generated/DAVE.o
LOAD ./main.o
LOAD d:/downloads/dave_4-4-2_64bit_2018-02-23/dave-ide-4.4.2-64bit/dave-ide-4.4.2-64bit/eclipse/arm-gcc-49/bin/../lib/gcc/arm-none-eabi/4.9.3/../../../../arm-none-eabi/lib/armv6-m\libm.a
START GROUP
LOAD d:/downloads/dave_4-4-2_64bit_2018-02-23/dave-ide-4.4.2-64bit/dave-ide-4.4.2-64bit/eclipse/arm-gcc-49/bin/../lib/gcc/arm-none-eabi/4.9.3/armv6-m\libgcc.a
LOAD d:/downloads/dave_4-4-2_64bit_2018-02-23/dave-ide-4.4.2-64bit/dave-ide-4.4.2-64bit/eclipse/arm-gcc-49/bin/../lib/gcc/arm-none-eabi/4.9.3/../../../../arm-none-eabi/lib/armv6-m\libg_nano.a
LOAD d:/downloads/dave_4-4-2_64bit_2018-02-23/dave-ide-4.4.2-64bit/dave-ide-4.4.2-64bit/eclipse/arm-gcc-49/bin/../lib/gcc/arm-none-eabi/4.9.3/../../../../arm-none-eabi/lib/armv6-m\libc_nano.a
END GROUP
START GROUP
LOAD d:/downloads/dave_4-4-2_64bit_2018-02-23/dave-ide-4.4.2-64bit/dave-ide-4.4.2-64bit/eclipse/arm-gcc-49/bin/../lib/gcc/arm-none-eabi/4.9.3/armv6-m\libgcc.a
LOAD d:/downloads/dave_4-4-2_64bit_2018-02-23/dave-ide-4.4.2-64bit/dave-ide-4.4.2-64bit/eclipse/arm-gcc-49/bin/../lib/gcc/arm-none-eabi/4.9.3/../../../../arm-none-eabi/lib/armv6-m\libc_nano.a
LOAD d:/downloads/dave_4-4-2_64bit_2018-02-23/dave-ide-4.4.2-64bit/dave-ide-4.4.2-64bit/eclipse/arm-gcc-49/bin/../lib/gcc/arm-none-eabi/4.9.3/../../../../arm-none-eabi/lib/armv6-m\libnosys.a
END GROUP
START GROUP
LOAD d:/downloads/dave_4-4-2_64bit_2018-02-23/dave-ide-4.4.2-64bit/dave-ide-4.4.2-64bit/eclipse/arm-gcc-49/bin/../lib/gcc/arm-none-eabi/4.9.3/armv6-m\libgcc.a
LOAD d:/downloads/dave_4-4-2_64bit_2018-02-23/dave-ide-4.4.2-64bit/dave-ide-4.4.2-64bit/eclipse/arm-gcc-49/bin/../lib/gcc/arm-none-eabi/4.9.3/../../../../arm-none-eabi/lib/armv6-m\libc_nano.a
LOAD d:/downloads/dave_4-4-2_64bit_2018-02-23/dave-ide-4.4.2-64bit/dave-ide-4.4.2-64bit/eclipse/arm-gcc-49/bin/../lib/gcc/arm-none-eabi/4.9.3/../../../../arm-none-eabi/lib/armv6-m\libnosys.a
END GROUP
                0x00000400                stack_size = DEFINED (stack_size)?stack_size:0x400
                0x00000004                no_init_size = 0x4

.text           0x10001000      0x678
                0x10001000                sText = .
 *(.reset)
 .reset         0x10001000       0xa0 ./Startup/startup_XMC1400.o
                0x10001000                __Vectors
                0x1000101c                Reset_Handler
                0x1000109c                SysTick_Handler
                0x1000109c                IRQ0_Handler
                0x1000109c                IRQ5_Handler
                0x1000109c                PendSV_Handler
                0x1000109c                IRQ16_Handler
                0x1000109c                HardFault_Handler
                0x1000109c                IRQ25_Handler
                0x1000109c                IRQ23_Handler
                0x1000109c                IRQ22_Handler
                0x1000109c                IRQ29_Handler
                0x1000109c                IRQ20_Handler
                0x1000109c                IRQ13_Handler
                0x1000109c                IRQ4_Handler
                0x1000109c                IRQ30_Handler
                0x1000109c                IRQ21_Handler
                0x1000109c                IRQ31_Handler
                0x1000109c                IRQ28_Handler
                0x1000109c                IRQ2_Handler
                0x1000109c                IRQ10_Handler
                0x1000109c                IRQ24_Handler
                0x1000109c                SVC_Handler
                0x1000109c                IRQ1_Handler
                0x1000109c                IRQ19_Handler
                0x1000109c                IRQ6_Handler
                0x1000109c                IRQ15_Handler
                0x1000109c                IRQ18_Handler
                0x1000109c                IRQ11_Handler
                0x1000109c                IRQ14_Handler
                0x1000109c                IRQ9_Handler
                0x1000109c                IRQ7_Handler
                0x1000109c                IRQ12_Handler
                0x1000109c                IRQ8_Handler
                0x1000109c                IRQ3_Handler
                0x1000109c                IRQ27_Handler
                0x1000109c                IRQ26_Handler
                0x1000109c                IRQ17_Handler
 *(.text .text.* .gnu.linkonce.t.*)
 .text.SystemInit
                0x100010a0       0x10 ./Startup/system_XMC1400.o
                0x100010a0                SystemInit
 .text.SystemCoreSetup
                0x100010b0       0x18 ./Startup/system_XMC1400.o
                0x100010b0                SystemCoreSetup
 .text.SystemCoreClockSetup
                0x100010c8       0x68 ./Startup/system_XMC1400.o
                0x100010c8                SystemCoreClockSetup
 .text.SystemCoreClockUpdate
                0x10001130       0xc8 ./Startup/system_XMC1400.o
                0x10001130                SystemCoreClockUpdate
 .text.OSCHP_GetFrequency
                0x100011f8       0x10 ./Startup/system_XMC1400.o
                0x100011f8                OSCHP_GetFrequency
 .text.XMC_GPIO_Init
                0x10001208      0x17c ./Libraries/XMCLib/src/xmc1_gpio.o
                0x10001208                XMC_GPIO_Init
 .text.XMC_GPIO_SetHardwareControl
                0x10001384       0x4c ./Libraries/XMCLib/src/xmc_gpio.o
                0x10001384                XMC_GPIO_SetHardwareControl
 .text.__aeabi_uidiv
                0x100013d0       0x50 ./Libraries/XMCLib/src/xmc_math.o
                0x100013d0                __aeabi_uidiv
 .text._init    0x10001420        0x8 ./Libraries/Newlib/syscalls.o
                0x10001420                _init
 .text.DIGITAL_IO_Init
                0x10001428       0x40 ./Dave/Generated/DIGITAL_IO/digital_io.o
                0x10001428                DIGITAL_IO_Init
 .text.DAVE_Init
                0x10001468       0x34 ./Dave/Generated/DAVE.o
                0x10001468                DAVE_Init
 .text.XMC_GPIO_SetOutputHigh
                0x1000149c       0x20 ./main.o
 .text.XMC_GPIO_SetOutputLow
                0x100014bc       0x24 ./main.o
 .text.DIGITAL_IO_SetOutputHigh
                0x100014e0       0x20 ./main.o
 .text.DIGITAL_IO_SetOutputLow
                0x10001500       0x20 ./main.o
 .text.main     0x10001520       0xfc ./main.o
                0x10001520                main
 .text.__libc_init_array
                0x1000161c       0x4c d:/downloads/dave_4-4-2_64bit_2018-02-23/dave-ide-4.4.2-64bit/dave-ide-4.4.2-64bit/eclipse/arm-gcc-49/bin/../lib/gcc/arm-none-eabi/4.9.3/../../../../arm-none-eabi/lib/armv6-m\libg_nano.a(lib_a-init.o)
                0x1000161c                __libc_init_array
 *(.init)
 *(.fini)
 *crtbegin.o(.ctors)
 *crtbegin?.o(.ctors)
 *(EXCLUDE_FILE(*crtend.o *crtend?.o) .ctors)
 *(SORT(.ctors.*))
 *(.ctors)
 *crtbegin.o(.dtors)
 *crtbegin?.o(.dtors)
 *(EXCLUDE_FILE(*crtend.o *crtend?.o) .dtors)
 *(SORT(.dtors.*))
 *(.dtors)
 *(.rodata .rodata.*)
 .rodata.LED0   0x10001668       0x10 ./Dave/Generated/DIGITAL_IO/digital_io_conf.o
                0x10001668                LED0
 *(.gnu.linkonce.r*)
 *(vtable)
                0x10001678                . = ALIGN (0x4)

.glue_7         0x10001678        0x0
 .glue_7        0x00000000        0x0 linker stubs

.glue_7t        0x10001678        0x0
 .glue_7t       0x00000000        0x0 linker stubs

.vfp11_veneer   0x10001678        0x0
 .vfp11_veneer  0x00000000        0x0 linker stubs

.v4_bx          0x10001678        0x0
 .v4_bx         0x00000000        0x0 linker stubs

.iplt           0x10001678        0x0
 .iplt          0x00000000        0x0 ./Startup/startup_XMC1400.o

.eh_frame_hdr
 *(.eh_frame_hdr)

.eh_frame
 *(.eh_frame)

.ARM.extab
 *(.ARM.extab* .gnu.linkonce.armextab.*)
                0x10001678                . = ALIGN (0x4)
                0x10001678                __exidx_start = .

.ARM.exidx
 *(.ARM.exidx* .gnu.linkonce.armexidx.*)
                0x10001678                __exidx_end = .
                0x10001678                . = ALIGN (0x4)

.VENEER_Code    0x2000000c      0x144 load address 0x10001678
                0x2000000c                . = ALIGN (0x4)
                0x2000000c                VeneerStart = .
 *(.XmcVeneerCode)
 .XmcVeneerCode
                0x2000000c      0x144 ./Startup/startup_XMC1400.o
                0x2000000c                HardFault_Veener
                0x2000002c                SVC_Veener
                0x20000038                PendSV_Veener
                0x2000003c                SysTick_Veener
                0x20000040                IRQ0_Veener
                0x20000044                IRQ1_Veener
                0x20000048                IRQ2_Veener
                0x2000004c                IRQ3_Veener
                0x20000050                IRQ4_Veener
                0x20000054                IRQ5_Veener
                0x20000058                IRQ6_Veener
                0x2000005c                IRQ7_Veener
                0x20000060                IRQ8_Veener
                0x20000064                IRQ9_Veener
                0x20000068                IRQ10_Veener
                0x2000006c                IRQ11_Veener
                0x20000070                IRQ12_Veener
                0x20000074                IRQ13_Veener
                0x20000078                IRQ14_Veener
                0x2000007c                IRQ15_Veener
                0x20000080                IRQ16_Veener
                0x20000084                IRQ17_Veener
                0x20000088                IRQ18_Veener
                0x2000008c                IRQ19_Veener
                0x20000090                IRQ20_Veener
                0x20000094                IRQ21_Veener
                0x20000098                IRQ22_Veener
                0x2000009c                IRQ23_Veener
                0x200000a0                IRQ24_Veener
                0x200000a4                IRQ25_Veener
                0x200000a8                IRQ26_Veener
                0x200000ac                IRQ27_Veener
                0x200000b0                IRQ28_Veener
                0x200000b4                IRQ29_Veener
                0x200000b8                IRQ30_Veener
                0x200000bc                IRQ31_Veener
                0x20000150                . = ALIGN (0x4)
                0x20000150                VeneerEnd = .
                0x10001678                eROData = LOADADDR (.VENEER_Code)
                0x00000144                VeneerSize = (ABSOLUTE (VeneerEnd) - ABSOLUTE (VeneerStart))

.rel.dyn        0x20000150        0x0 load address 0x100017bc
 .rel.iplt      0x00000000        0x0 ./Startup/startup_XMC1400.o

Stack           0x20000150      0x400 load address 0x00000000
                0x20000150                . = ALIGN (0x8)
                0x20000550                . = (. + stack_size)
 *fill*         0x20000150      0x400 
                0x20000550                __initial_sp = .

.data           0x20000550        0x0 load address 0x100017bc
                0x20000550                . = ALIGN (0x4)
                0x20000550                __data_start = .
 *(.data)
 *(.data*)
 *(*.data)
 *(.gnu.linkonce.d*)
                0x20000550                . = ALIGN (0x4)
                0x20000550                PROVIDE (__preinit_array_start, .)
 *(.preinit_array)
                0x20000550                PROVIDE (__preinit_array_end, .)
                0x20000550                . = ALIGN (0x4)
                0x20000550                PROVIDE (__init_array_start, .)
 *(SORT(.init_array.*))
 *(.init_array)
                0x20000550                PROVIDE (__init_array_end, .)
                0x20000550                . = ALIGN (0x4)
                0x20000550                PROVIDE (__fini_array_start, .)
 *(SORT(.fini_array.*))
 *(.fini_array)
                0x20000550                PROVIDE (__fini_array_end, .)
                0x20000550                . = ALIGN (0x4)
                0x20000550                __data_end = .
                0x100017bc                DataLoadAddr = LOADADDR (.data)
                0x00000000                __data_size = (__data_end - __data_start)

.igot.plt       0x20000550        0x0 load address 0x100017bc
 .igot.plt      0x00000000        0x0 ./Startup/startup_XMC1400.o

.ram_code       0x20000550        0x0 load address 0x100017bc
                0x20000550                . = ALIGN (0x4)
                0x20000550                __ram_code_start = .
 *(.ram_code)
                0x20000550                . = ALIGN (0x4)
                0x20000550                __ram_code_end = .
                0x100017bc                __ram_code_load = LOADADDR (.ram_code)
                0x00000000                __ram_code_size = (__ram_code_end - __ram_code_start)
                0x000007bc                __text_size = ((((__exidx_end - sText) + VeneerSize) + __data_size) + __ram_code_size)
                0x100017bc                eText = (sText + __text_size)

.bss            0x20000550        0x8 load address 0x100017bc
                0x20000550                . = ALIGN (0x4)
                0x20000550                __bss_start = .
 *(.bss)
 *(.bss*)
 .bss.IDIV.5134
                0x20000550        0x4 ./Startup/system_XMC1400.o
 .bss.FDIV.5135
                0x20000554        0x4 ./Startup/system_XMC1400.o
 *(COMMON)
 *(.gnu.linkonce.b*)
                0x20000558                . = ALIGN (0x4)
                0x20000558                __bss_end = .
                0x20000558                . = ALIGN (0x8)
                0x20000558                Heap_Bank1_Start = .
                0x00000008                __bss_size = (__bss_end - __bss_start)

.no_init        0x20003ffc        0x4 load address 0x00003eac
                0x20003ffc                Heap_Bank1_End = .
 *(.no_init)
 .no_init       0x20003ffc        0x4 ./Startup/system_XMC1400.o
                0x20003ffc                SystemCoreClock
                0x00003aa4                Heap_Bank1_Size = (Heap_Bank1_End - Heap_Bank1_Start)
                0x00000001                ASSERT ((Heap_Bank1_Start <= Heap_Bank1_End), region SRAM overflowed no_init section)

/DISCARD/
 *(.comment)

.stab
 *(.stab)

.stabstr
 *(.stabstr)

.debug
 *(.debug)

.line
 *(.line)

.debug_srcinfo
 *(.debug_srcinfo)

.debug_sfnames
 *(.debug_sfnames)

.debug_aranges  0x00000000      0x270
 *(.debug_aranges)
 .debug_aranges
                0x00000000       0x28 ./Startup/startup_XMC1400.o
 .debug_aranges
                0x00000028       0x40 ./Startup/system_XMC1400.o
 .debug_aranges
                0x00000068       0x28 ./Libraries/XMCLib/src/xmc1_gpio.o
 .debug_aranges
                0x00000090       0x28 ./Libraries/XMCLib/src/xmc_gpio.o
 .debug_aranges
                0x000000b8       0xf0 ./Libraries/XMCLib/src/xmc_math.o
 .debug_aranges
                0x000001a8       0x28 ./Libraries/Newlib/syscalls.o
 .debug_aranges
                0x000001d0       0x28 ./Dave/Generated/DIGITAL_IO/digital_io.o
 .debug_aranges
                0x000001f8       0x18 ./Dave/Generated/DIGITAL_IO/digital_io_conf.o
 .debug_aranges
                0x00000210       0x20 ./Dave/Generated/DAVE.o
 .debug_aranges
                0x00000230       0x40 ./main.o

.debug_pubnames
 *(.debug_pubnames)

.debug_pubtypes
 *(.debug_pubtypes)

.debug_info     0x00000000     0x3553
 *(.debug_info .gnu.linkonce.wi.*)
 .debug_info    0x00000000       0x98 ./Startup/startup_XMC1400.o
 .debug_info    0x00000098      0x617 ./Startup/system_XMC1400.o
 .debug_info    0x000006af      0x4f1 ./Libraries/XMCLib/src/xmc1_gpio.o
 .debug_info    0x00000ba0      0x484 ./Libraries/XMCLib/src/xmc_gpio.o
 .debug_info    0x00001024      0xd46 ./Libraries/XMCLib/src/xmc_math.o
 .debug_info    0x00001d6a      0x11f ./Libraries/Newlib/syscalls.o
 .debug_info    0x00001e89      0x5a6 ./Dave/Generated/DIGITAL_IO/digital_io.o
 .debug_info    0x0000242f      0x4e1 ./Dave/Generated/DIGITAL_IO/digital_io_conf.o
 .debug_info    0x00002910      0x539 ./Dave/Generated/DAVE.o
 .debug_info    0x00002e49      0x70a ./main.o

.debug_abbrev   0x00000000      0xb55
 *(.debug_abbrev)
 .debug_abbrev  0x00000000       0x12 ./Startup/startup_XMC1400.o
 .debug_abbrev  0x00000012      0x165 ./Startup/system_XMC1400.o
 .debug_abbrev  0x00000177      0x108 ./Libraries/XMCLib/src/xmc1_gpio.o
 .debug_abbrev  0x0000027f      0x108 ./Libraries/XMCLib/src/xmc_gpio.o
 .debug_abbrev  0x00000387      0x2a9 ./Libraries/XMCLib/src/xmc_math.o
 .debug_abbrev  0x00000630       0xbd ./Libraries/Newlib/syscalls.o
 .debug_abbrev  0x000006ed      0x126 ./Dave/Generated/DIGITAL_IO/digital_io.o
 .debug_abbrev  0x00000813       0xdb ./Dave/Generated/DIGITAL_IO/digital_io_conf.o
 .debug_abbrev  0x000008ee       0xfb ./Dave/Generated/DAVE.o
 .debug_abbrev  0x000009e9      0x16c ./main.o

.debug_line     0x00000000     0x1c1e
 *(.debug_line)
 .debug_line    0x00000000       0xe2 ./Startup/startup_XMC1400.o
 .debug_line    0x000000e2      0x2d1 ./Startup/system_XMC1400.o
 .debug_line    0x000003b3      0x293 ./Libraries/XMCLib/src/xmc1_gpio.o
 .debug_line    0x00000646      0x286 ./Libraries/XMCLib/src/xmc_gpio.o
 .debug_line    0x000008cc      0x5f2 ./Libraries/XMCLib/src/xmc_math.o
 .debug_line    0x00000ebe       0xf5 ./Libraries/Newlib/syscalls.o
 .debug_line    0x00000fb3      0x310 ./Dave/Generated/DIGITAL_IO/digital_io.o
 .debug_line    0x000012c3      0x27a ./Dave/Generated/DIGITAL_IO/digital_io_conf.o
 .debug_line    0x0000153d      0x2b7 ./Dave/Generated/DAVE.o
 .debug_line    0x000017f4      0x42a ./main.o

.debug_frame    0x00000000      0x678
 *(.debug_frame)
 .debug_frame   0x00000000       0x9c ./Startup/system_XMC1400.o
 .debug_frame   0x0000009c       0x58 ./Libraries/XMCLib/src/xmc1_gpio.o
 .debug_frame   0x000000f4       0x54 ./Libraries/XMCLib/src/xmc_gpio.o
 .debug_frame   0x00000148      0x380 ./Libraries/XMCLib/src/xmc_math.o
 .debug_frame   0x000004c8       0x4c ./Libraries/Newlib/syscalls.o
 .debug_frame   0x00000514       0x50 ./Dave/Generated/DIGITAL_IO/digital_io.o
 .debug_frame   0x00000564       0x34 ./Dave/Generated/DAVE.o
 .debug_frame   0x00000598       0xb4 ./main.o
 .debug_frame   0x0000064c       0x2c d:/downloads/dave_4-4-2_64bit_2018-02-23/dave-ide-4.4.2-64bit/dave-ide-4.4.2-64bit/eclipse/arm-gcc-49/bin/../lib/gcc/arm-none-eabi/4.9.3/../../../../arm-none-eabi/lib/armv6-m\libg_nano.a(lib_a-init.o)

.debug_str      0x00000000     0x1540
 *(.debug_str)
 .debug_str     0x00000000      0x3fe ./Startup/system_XMC1400.o
                                0x444 (size before relaxing)
 .debug_str     0x000003fe      0x69b ./Libraries/XMCLib/src/xmc1_gpio.o
                                0x90b (size before relaxing)
 .debug_str     0x00000a99       0xca ./Libraries/XMCLib/src/xmc_gpio.o
                                0x859 (size before relaxing)
 .debug_str     0x00000b63      0x731 ./Libraries/XMCLib/src/xmc_math.o
                                0x9af (size before relaxing)
 .debug_str     0x00001294       0x75 ./Libraries/Newlib/syscalls.o
                                0x212 (size before relaxing)
 .debug_str     0x00001309      0x125 ./Dave/Generated/DIGITAL_IO/digital_io.o
                                0xa45 (size before relaxing)
 .debug_str     0x0000142e       0x34 ./Dave/Generated/DIGITAL_IO/digital_io_conf.o
                                0x98b (size before relaxing)
 .debug_str     0x00001462       0x71 ./Dave/Generated/DAVE.o
                                0x9cd (size before relaxing)
 .debug_str     0x000014d3       0x6d ./main.o
                                0xa1f (size before relaxing)

.debug_loc      0x00000000      0x9ce
 *(.debug_loc)
 .debug_loc     0x00000000       0xdc ./Startup/system_XMC1400.o
 .debug_loc     0x000000dc       0x70 ./Libraries/XMCLib/src/xmc1_gpio.o
 .debug_loc     0x0000014c       0x70 ./Libraries/XMCLib/src/xmc_gpio.o
 .debug_loc     0x000001bc      0x5ec ./Libraries/XMCLib/src/xmc_math.o
 .debug_loc     0x000007a8       0x64 ./Libraries/Newlib/syscalls.o
 .debug_loc     0x0000080c       0x70 ./Dave/Generated/DIGITAL_IO/digital_io.o
 .debug_loc     0x0000087c       0x38 ./Dave/Generated/DAVE.o
 .debug_loc     0x000008b4      0x11a ./main.o

.debug_macinfo
 *(.debug_macinfo)

.debug_ranges   0x00000000      0x1d0
 *(.debug_ranges)
 .debug_ranges  0x00000000       0x20 ./Startup/startup_XMC1400.o
 .debug_ranges  0x00000020       0x30 ./Startup/system_XMC1400.o
 .debug_ranges  0x00000050       0x18 ./Libraries/XMCLib/src/xmc1_gpio.o
 .debug_ranges  0x00000068       0x18 ./Libraries/XMCLib/src/xmc_gpio.o
 .debug_ranges  0x00000080       0xe0 ./Libraries/XMCLib/src/xmc_math.o
 .debug_ranges  0x00000160       0x18 ./Libraries/Newlib/syscalls.o
 .debug_ranges  0x00000178       0x18 ./Dave/Generated/DIGITAL_IO/digital_io.o
 .debug_ranges  0x00000190       0x10 ./Dave/Generated/DAVE.o
 .debug_ranges  0x000001a0       0x30 ./main.o

.debug_weaknames
 *(.debug_weaknames)

.debug_funcnames
 *(.debug_funcnames)

.debug_typenames
 *(.debug_typenames)

.debug_varnames
 *(.debug_varnames)

.build_attributes
                0x00000000      0x206
 *(.ARM.attributes)
 .ARM.attributes
                0x00000000       0x21 ./Startup/startup_XMC1400.o
 .ARM.attributes
                0x00000021       0x31 ./Startup/system_XMC1400.o
 .ARM.attributes
                0x00000052       0x31 ./Libraries/XMCLib/src/xmc1_gpio.o
 .ARM.attributes
                0x00000083       0x31 ./Libraries/XMCLib/src/xmc_gpio.o
 .ARM.attributes
                0x000000b4       0x31 ./Libraries/XMCLib/src/xmc_math.o
 .ARM.attributes
                0x000000e5       0x31 ./Libraries/Newlib/syscalls.o
 .ARM.attributes
                0x00000116       0x31 ./Dave/Generated/DIGITAL_IO/digital_io.o
 .ARM.attributes
                0x00000147       0x31 ./Dave/Generated/DIGITAL_IO/digital_io_conf.o
 .ARM.attributes
                0x00000178       0x31 ./Dave/Generated/DAVE.o
 .ARM.attributes
                0x000001a9       0x31 ./main.o
 .ARM.attributes
                0x000001da       0x2c d:/downloads/dave_4-4-2_64bit_2018-02-23/dave-ide-4.4.2-64bit/dave-ide-4.4.2-64bit/eclipse/arm-gcc-49/bin/../lib/gcc/arm-none-eabi/4.9.3/../../../../arm-none-eabi/lib/armv6-m\libg_nano.a(lib_a-init.o)
OUTPUT(LEDblinkNoTimers.elf elf32-littlearm)
